// Jest Snapshot v1, https://goo.gl/fbAQLP

exports[`Site renders Site renders correct 1`] = `
<Row>
  <Column
    width={3}
  >
    <SideMenu
      header="Menu"
      items={
        [
          {
            "label": "Questions",
            "to": "/questions",
          },
          {
            "label": "My Questions",
            "to": "myquestions",
          },
          {
            "label": "My Favourite Answers",
            "to": "favourites",
          },
          {
            "label": "New Question",
            "to": "createquestion",
          },
          {
            "label": "Tags",
            "to": "/tags",
          },
        ]
      }
    />
  </Column>
  <Column>
    <Card
      title="My Favourite Answers!"
    >
      <br />
      <Row>
        <Column>
          0
           answers in total
        </Column>
      </Row>
    </Card>
    <Column />
  </Column>
</Row>
`;
