// Jest Snapshot v1, https://goo.gl/fbAQLP

exports[`Site renders Site renders correct 1`] = `
<Row>
  <Column
    width={3}
  >
    <SideMenu
      header="Menu"
      items={
        [
          {
            "label": "Questions",
            "to": "/questions",
          },
          {
            "label": "My Questions",
            "to": "myquestions",
          },
          {
            "label": "My Favourite Answers",
            "to": "favourites",
          },
          {
            "label": "New Question",
            "to": "createquestion",
          },
          {
            "label": "Tags",
            "to": "/tags",
          },
        ]
      }
    />
  </Column>
  <Column>
    <Card
      title="Profile"
    >
      <Row>
        Welcome to your profile: undefined
      </Row>
      <Row>
        Your email is: undefined
      </Row>
      <Row>
        Your user id is: undefined
      </Row>
    </Card>
    <ButtonDanger
      onClick={[Function]}
    >
      Log Out
    </ButtonDanger>
  </Column>
</Row>
`;
