// Jest Snapshot v1, https://goo.gl/fbAQLP

exports[`Task component tests TaskDetails draws correctly (snapshot) 1`] = `
<Fragment>
  <Card
    title="Task"
  >
    <Row>
      <Column
        width={2}
      >
        Title:
      </Column>
      <Column>
        Les leksjon
      </Column>
    </Row>
    <Row>
      <Column
        width={2}
      >
        Description:
      </Column>
      <Column>
        Les n√∏ye
      </Column>
    </Row>
    <Row>
      <Column
        width={2}
      >
        Done:
      </Column>
      <Column>
        <FormCheckbox
          checked={true}
          onChange={[Function]}
        />
      </Column>
    </Row>
  </Card>
  <ButtonSuccess
    onClick={[Function]}
  >
    Edit
  </ButtonSuccess>
</Fragment>
`;
